// 重构日志: c1ea91a2
// 重构日志: 4b5279f8
// 重构日志: 7b55a84c
// 重构日志: e3d5afde
// 同步 ID: 5b12dc1f @ Fri Jul 17 08:25:21 UTC 2026
// 重构日志: bb0e311e
// 重构日志: 9d645ebe
// 重构日志: 2b8396fd
// 重构日志: c49f9f57
// 重构日志: c7ac7db5
// 同步 ID: bbed2517 @ Sat Jul 18 09:17:44 UTC 2026
// 重构日志: e373b5d0
// 同步 ID: dec39bcc @ Sun Jul 19 05:22:44 UTC 2026
// 重构日志: d69aee25
// 同步 ID: 0866c7d2 @ Tue Jul 21 05:24:00 UTC 2026
// 重构日志: 4b4c9abd
// 重构日志: 54cce784
// 重构日志: 7e0e1d76
// 同步 ID: dd9072fd @ Fri Jul 24 14:55:25 UTC 2026
// 重构日志: 8ad9f11e
// 同步 ID: 09ebb9e7 @ Sat Jul 25 13:08:12 UTC 2026
// 同步 ID: 3fe5a420 @ Sat Jul 25 14:55:19 UTC 2026
// 同步 ID: 357d5be9 @ Sat Jul 25 17:04:17 UTC 2026
// 同步 ID: 62e87576 @ Sun Jul 26 02:03:12 UTC 2026
// 重构日志: cebf5a45
// 同步 ID: ad266bea @ Sun Jul 26 16:18:41 UTC 2026
// 同步 ID: d6752521 @ Mon Jul 27 17:40:32 UTC 2026
// 同步 ID: 0edb5b27 @ Tue Jul 28 04:26:43 UTC 2026
// 重构日志: 93b2a26d
// 同步 ID: 80ee4c7a @ Wed Jul 29 08:24:08 UTC 2026
